// Jest Snapshot v1, https://goo.gl/fbAQLP

exports[`AddMessage renders without crashing 1`] = `ShallowWrapper {}`;
